nohup: ignoring input
### Training on GPUs... ###

>>> Starting Run 1/1 <<<
Using cuda device

============================================================
### INITIALIZING HEALTHY TRAINING (PHASE 1) ###
============================================================


--- Starting Iteration 1/10 ---
-----------------------------------------
| rollout/                |             |
|    ep_len_mean          | 37          |
|    ep_rew_mean          | -6.34       |
| time/                   |             |
|    fps                  | 171         |
|    iterations           | 10          |
|    time_elapsed         | 29          |
|    total_timesteps      | 5120        |
| train/                  |             |
|    approx_kl            | 0.008007968 |
|    clip_fraction        | 0.0301      |
|    clip_range           | 0.2         |
|    entropy_loss         | -1.38       |
|    explained_variance   | 0.42        |
|    learning_rate        | 0.0003      |
|    loss                 | 2.31        |
|    n_updates            | 90          |
|    policy_gradient_loss | -0.00873    |
|    value_loss           | 4.03        |
-----------------------------------------
------------------------------------------
| rollout/                |              |
|    ep_len_mean          | 37.4         |
|    ep_rew_mean          | -6.28        |
| time/                   |              |
|    fps                  | 180          |
|    iterations           | 20           |
|    time_elapsed         | 56           |
|    total_timesteps      | 10240        |
| train/                  |              |
|    approx_kl            | 0.0028552616 |
|    clip_fraction        | 0.00527      |
|    clip_range           | 0.2          |
|    entropy_loss         | -1.36        |
|    explained_variance   | 0.356        |
|    learning_rate        | 0.0003       |
|    loss                 | 1.25         |
|    n_updates            | 190          |
|    policy_gradient_loss | 0.00415      |
|    value_loss           | 3.93         |
------------------------------------------
-----------------------------------------
| rollout/                |             |
|    ep_len_mean          | 37.5        |
|    ep_rew_mean          | -6.31       |
| time/                   |             |
|    fps                  | 181         |
|    iterations           | 30          |
|    time_elapsed         | 84          |
|    total_timesteps      | 15360       |
| train/                  |             |
|    approx_kl            | 0.005110611 |
|    clip_fraction        | 0.0113      |
|    clip_range           | 0.2         |
|    entropy_loss         | -1.36       |
|    explained_variance   | 0.677       |
|    learning_rate        | 0.0003      |
|    loss                 | 0.576       |
|    n_updates            | 290         |
|    policy_gradient_loss | 0.00464     |
|    value_loss           | 2.9         |
-----------------------------------------
-----------------------------------------
| rollout/                |             |
|    ep_len_mean          | 37.3        |
|    ep_rew_mean          | -6.18       |
| time/                   |             |
|    fps                  | 176         |
|    iterations           | 40          |
|    time_elapsed         | 115         |
|    total_timesteps      | 20480       |
| train/                  |             |
|    approx_kl            | 0.011370067 |
|    clip_fraction        | 0.0623      |
|    clip_range           | 0.2         |
|    entropy_loss         | -1.36       |
|    explained_variance   | 0.544       |
|    learning_rate        | 0.0003      |
|    loss                 | 0.332       |
|    n_updates            | 390         |
|    policy_gradient_loss | -0.00322    |
|    value_loss           | 1.93        |
-----------------------------------------

--- Starting Iteration 2/10 ---
------------------------------------------
| rollout/                |              |
|    ep_len_mean          | 35.8         |
|    ep_rew_mean          | -6.23        |
| time/                   |              |
|    fps                  | 209          |
|    iterations           | 10           |
|    time_elapsed         | 24           |
|    total_timesteps      | 5120         |
| train/                  |              |
|    approx_kl            | 0.0077441097 |
|    clip_fraction        | 0.0551       |
|    clip_range           | 0.2          |
|    entropy_loss         | -1.38        |
|    explained_variance   | 0.903        |
|    learning_rate        | 0.0003       |
|    loss                 | 0.696        |
|    n_updates            | 490          |
|    policy_gradient_loss | -0.00442     |
|    value_loss           | 1.62         |
------------------------------------------
------------------------------------------
| rollout/                |              |
|    ep_len_mean          | 37.2         |
|    ep_rew_mean          | -5.87        |
| time/                   |              |
|    fps                  | 199          |
|    iterations           | 20           |
|    time_elapsed         | 51           |
|    total_timesteps      | 10240        |
| train/                  |              |
|    approx_kl            | 0.0021725423 |
|    clip_fraction        | 0            |
|    clip_range           | 0.2          |
|    entropy_loss         | -1.38        |
|    explained_variance   | 0.608        |
|    learning_rate        | 0.0003       |
|    loss                 | 1.11         |
|    n_updates            | 590          |
|    policy_gradient_loss | 0.00293      |
|    value_loss           | 3.13         |
------------------------------------------
----------------------------------------
| rollout/                |            |
|    ep_len_mean          | 38         |
|    ep_rew_mean          | -6.37      |
| time/                   |            |
|    fps                  | 194        |
|    iterations           | 30         |
|    time_elapsed         | 78         |
|    total_timesteps      | 15360      |
| train/                  |            |
|    approx_kl            | 0.02321296 |
|    clip_fraction        | 0.176      |
|    clip_range           | 0.2        |
|    entropy_loss         | -1.26      |
|    explained_variance   | 0.0491     |
|    learning_rate        | 0.0003     |
|    loss                 | 0.74       |
|    n_updates            | 690        |
|    policy_gradient_loss | -0.003     |
|    value_loss           | 3.44       |
----------------------------------------
----------------------------------------
| rollout/                |            |
|    ep_len_mean          | 37         |
|    ep_rew_mean          | -6.61      |
| time/                   |            |
|    fps                  | 192        |
|    iterations           | 40         |
|    time_elapsed         | 106        |
|    total_timesteps      | 20480      |
| train/                  |            |
|    approx_kl            | 0.02985404 |
|    clip_fraction        | 0.188      |
|    clip_range           | 0.2        |
|    entropy_loss         | -1.19      |
|    explained_variance   | 0.401      |
|    learning_rate        | 0.0003     |
|    loss                 | 2.39       |
|    n_updates            | 790        |
|    policy_gradient_loss | -0.00837   |
|    value_loss           | 6.78       |
----------------------------------------

--- Starting Iteration 3/10 ---
------------------------------------------
| rollout/                |              |
|    ep_len_mean          | 37.5         |
|    ep_rew_mean          | -6.62        |
| time/                   |              |
|    fps                  | 211          |
|    iterations           | 10           |
|    time_elapsed         | 24           |
|    total_timesteps      | 5120         |
| train/                  |              |
|    approx_kl            | 0.0055825347 |
|    clip_fraction        | 0.0361       |
|    clip_range           | 0.2          |
|    entropy_loss         | -1.21        |
|    explained_variance   | 0.651        |
|    learning_rate        | 0.0003       |
|    loss                 | 2.38         |
|    n_updates            | 890          |
|    policy_gradient_loss | 0.00312      |
|    value_loss           | 6.22         |
------------------------------------------
-----------------------------------------
| rollout/                |             |
|    ep_len_mean          | 38.4        |
|    ep_rew_mean          | -6.51       |
| time/                   |             |
|    fps                  | 184         |
|    iterations           | 20          |
|    time_elapsed         | 55          |
|    total_timesteps      | 10240       |
| train/                  |             |
|    approx_kl            | 0.022408692 |
|    clip_fraction        | 0.142       |
|    clip_range           | 0.2         |
|    entropy_loss         | -1.19       |
|    explained_variance   | 0.552       |
|    learning_rate        | 0.0003      |
|    loss                 | 1.54        |
|    n_updates            | 990         |
|    policy_gradient_loss | 0.0016      |
|    value_loss           | 4.82        |
-----------------------------------------
-----------------------------------------
| rollout/                |             |
|    ep_len_mean          | 38.6        |
|    ep_rew_mean          | -6.28       |
| time/                   |             |
|    fps                  | 185         |
|    iterations           | 30          |
|    time_elapsed         | 82          |
|    total_timesteps      | 15360       |
| train/                  |             |
|    approx_kl            | 0.010262586 |
|    clip_fraction        | 0.0471      |
|    clip_range           | 0.2         |
|    entropy_loss         | -1.08       |
|    explained_variance   | 0.797       |
|    learning_rate        | 0.0003      |
|    loss                 | 0.57        |
|    n_updates            | 1090        |
|    policy_gradient_loss | 0.0119      |
|    value_loss           | 2           |
-----------------------------------------
-----------------------------------------
| rollout/                |             |
|    ep_len_mean          | 38          |
|    ep_rew_mean          | -6          |
| time/                   |             |
|    fps                  | 183         |
|    iterations           | 40          |
|    time_elapsed         | 111         |
|    total_timesteps      | 20480       |
| train/                  |             |
|    approx_kl            | 0.010295179 |
|    clip_fraction        | 0.0361      |
|    clip_range           | 0.2         |
|    entropy_loss         | -1.07       |
|    explained_variance   | 0.613       |
|    learning_rate        | 0.0003      |
|    loss                 | 0.742       |
|    n_updates            | 1190        |
|    policy_gradient_loss | 0.0181      |
|    value_loss           | 2.35        |
-----------------------------------------

--- Starting Iteration 4/10 ---
-----------------------------------------
| rollout/                |             |
|    ep_len_mean          | 38.6        |
|    ep_rew_mean          | -6.64       |
| time/                   |             |
|    fps                  | 209         |
|    iterations           | 10          |
|    time_elapsed         | 24          |
|    total_timesteps      | 5120        |
| train/                  |             |
|    approx_kl            | 0.019188493 |
|    clip_fraction        | 0.183       |
|    clip_range           | 0.2         |
|    entropy_loss         | -1.12       |
|    explained_variance   | 0.881       |
|    learning_rate        | 0.0003      |
|    loss                 | 0.592       |
|    n_updates            | 1290        |
|    policy_gradient_loss | -0.00465    |
|    value_loss           | 1.46        |
-----------------------------------------
-----------------------------------------
| rollout/                |             |
|    ep_len_mean          | 38.4        |
|    ep_rew_mean          | -6.63       |
| time/                   |             |
|    fps                  | 200         |
|    iterations           | 20          |
|    time_elapsed         | 50          |
|    total_timesteps      | 10240       |
| train/                  |             |
|    approx_kl            | 0.011286018 |
|    clip_fraction        | 0.0512      |
|    clip_range           | 0.2         |
|    entropy_loss         | -1.09       |
|    explained_variance   | 0.907       |
|    learning_rate        | 0.0003      |
|    loss                 | 0.267       |
|    n_updates            | 1390        |
|    policy_gradient_loss | -0.0024     |
|    value_loss           | 1.04        |
-----------------------------------------
---------------------------------------
| rollout/                |           |
|    ep_len_mean          | 38.3      |
|    ep_rew_mean          | -6.41     |
| time/                   |           |
|    fps                  | 195       |
|    iterations           | 30        |
|    time_elapsed         | 78        |
|    total_timesteps      | 15360     |
| train/                  |           |
|    approx_kl            | 0.0116203 |
|    clip_fraction        | 0.0389    |
|    clip_range           | 0.2       |
|    entropy_loss         | -1.13     |
|    explained_variance   | 0.82      |
|    learning_rate        | 0.0003    |
|    loss                 | 0.589     |
|    n_updates            | 1490      |
|    policy_gradient_loss | 0.0122    |
|    value_loss           | 1.76      |
---------------------------------------
------------------------------------------
| rollout/                |              |
|    ep_len_mean          | 37.9         |
|    ep_rew_mean          | -6.68        |
| time/                   |              |
|    fps                  | 194          |
|    iterations           | 40           |
|    time_elapsed         | 105          |
|    total_timesteps      | 20480        |
| train/                  |              |
|    approx_kl            | 0.0051679863 |
|    clip_fraction        | 0.0137       |
|    clip_range           | 0.2          |
|    entropy_loss         | -1.08        |
|    explained_variance   | 0.749        |
|    learning_rate        | 0.0003       |
|    loss                 | 1.66         |
|    n_updates            | 1590         |
|    policy_gradient_loss | -0.00117     |
|    value_loss           | 2.12         |
------------------------------------------

--- Starting Iteration 5/10 ---
-----------------------------------------
| rollout/                |             |
|    ep_len_mean          | 37.2        |
|    ep_rew_mean          | -6.76       |
| time/                   |             |
|    fps                  | 205         |
|    iterations           | 10          |
|    time_elapsed         | 24          |
|    total_timesteps      | 5120        |
| train/                  |             |
|    approx_kl            | 0.016316084 |
|    clip_fraction        | 0.201       |
|    clip_range           | 0.2         |
|    entropy_loss         | -0.992      |
|    explained_variance   | 0.922       |
|    learning_rate        | 0.0003      |
|    loss                 | 0.546       |
|    n_updates            | 1690        |
|    policy_gradient_loss | -0.0126     |
|    value_loss           | 1.27        |
-----------------------------------------
-----------------------------------------
| rollout/                |             |
|    ep_len_mean          | 39.1        |
|    ep_rew_mean          | -7.09       |
| time/                   |             |
|    fps                  | 200         |
|    iterations           | 20          |
|    time_elapsed         | 51          |
|    total_timesteps      | 10240       |
| train/                  |             |
|    approx_kl            | 0.014872864 |
|    clip_fraction        | 0.0447      |
|    clip_range           | 0.2         |
|    entropy_loss         | -0.998      |
|    explained_variance   | 0.866       |
|    learning_rate        | 0.0003      |
|    loss                 | 0.412       |
|    n_updates            | 1790        |
|    policy_gradient_loss | -0.00225    |
|    value_loss           | 0.855       |
-----------------------------------------
------------------------------------------
| rollout/                |              |
|    ep_len_mean          | 37.5         |
|    ep_rew_mean          | -6.65        |
| time/                   |              |
|    fps                  | 196          |
|    iterations           | 30           |
|    time_elapsed         | 78           |
|    total_timesteps      | 15360        |
| train/                  |              |
|    approx_kl            | 0.0072477097 |
|    clip_fraction        | 0.0324       |
|    clip_range           | 0.2          |
|    entropy_loss         | -1.04        |
|    explained_variance   | 0.94         |
|    learning_rate        | 0.0003       |
|    loss                 | 0.399        |
|    n_updates            | 1890         |
|    policy_gradient_loss | -0.00432     |
|    value_loss           | 1.01         |
------------------------------------------
-----------------------------------------
| rollout/                |             |
|    ep_len_mean          | 38          |
|    ep_rew_mean          | -6.78       |
| time/                   |             |
|    fps                  | 197         |
|    iterations           | 40          |
|    time_elapsed         | 103         |
|    total_timesteps      | 20480       |
| train/                  |             |
|    approx_kl            | 0.011829541 |
|    clip_fraction        | 0.1         |
|    clip_range           | 0.2         |
|    entropy_loss         | -0.947      |
|    explained_variance   | 0.921       |
|    learning_rate        | 0.0003      |
|    loss                 | 0.386       |
|    n_updates            | 1990        |
|    policy_gradient_loss | -0.00791    |
|    value_loss           | 1.19        |
-----------------------------------------

--- Starting Iteration 6/10 ---
-----------------------------------------
| rollout/                |             |
|    ep_len_mean          | 37.7        |
|    ep_rew_mean          | -6.92       |
| time/                   |             |
|    fps                  | 205         |
|    iterations           | 10          |
|    time_elapsed         | 24          |
|    total_timesteps      | 5120        |
| train/                  |             |
|    approx_kl            | 0.008741212 |
|    clip_fraction        | 0.0121      |
|    clip_range           | 0.2         |
|    entropy_loss         | -0.963      |
|    explained_variance   | 0.053       |
|    learning_rate        | 0.0003      |
|    loss                 | 0.97        |
|    n_updates            | 2090        |
|    policy_gradient_loss | 0.0063      |
|    value_loss           | 3.91        |
-----------------------------------------
-----------------------------------------
| rollout/                |             |
|    ep_len_mean          | 38.6        |
|    ep_rew_mean          | -6.53       |
| time/                   |             |
|    fps                  | 186         |
|    iterations           | 20          |
|    time_elapsed         | 54          |
|    total_timesteps      | 10240       |
| train/                  |             |
|    approx_kl            | 0.011118832 |
|    clip_fraction        | 0.0596      |
|    clip_range           | 0.2         |
|    entropy_loss         | -0.939      |
|    explained_variance   | 0.924       |
|    learning_rate        | 0.0003      |
|    loss                 | 0.459       |
|    n_updates            | 2190        |
|    policy_gradient_loss | -0.00735    |
|    value_loss           | 0.999       |
-----------------------------------------
------------------------------------------
| rollout/                |              |
|    ep_len_mean          | 37.5         |
|    ep_rew_mean          | -6.56        |
| time/                   |              |
|    fps                  | 187          |
|    iterations           | 30           |
|    time_elapsed         | 81           |
|    total_timesteps      | 15360        |
| train/                  |              |
|    approx_kl            | 0.0068279207 |
|    clip_fraction        | 0.0105       |
|    clip_range           | 0.2          |
|    entropy_loss         | -0.935       |
|    explained_variance   | 0.879        |
|    learning_rate        | 0.0003       |
|    loss                 | 0.644        |
|    n_updates            | 2290         |
|    policy_gradient_loss | -0.00283     |
|    value_loss           | 1.09         |
------------------------------------------
-----------------------------------------
| rollout/                |             |
|    ep_len_mean          | 37          |
|    ep_rew_mean          | -6.54       |
| time/                   |             |
|    fps                  | 187         |
|    iterations           | 40          |
|    time_elapsed         | 108         |
|    total_timesteps      | 20480       |
| train/                  |             |
|    approx_kl            | 0.016274462 |
|    clip_fraction        | 0.0555      |
|    clip_range           | 0.2         |
|    entropy_loss         | -0.87       |
|    explained_variance   | 0.543       |
|    learning_rate        | 0.0003      |
|    loss                 | 0.439       |
|    n_updates            | 2390        |
|    policy_gradient_loss | 0.00522     |
|    value_loss           | 4.35        |
-----------------------------------------

--- Starting Iteration 7/10 ---
-------------------------------------------
| rollout/                |               |
|    ep_len_mean          | 36.9          |
|    ep_rew_mean          | -6.47         |
| time/                   |               |
|    fps                  | 206           |
|    iterations           | 10            |
|    time_elapsed         | 24            |
|    total_timesteps      | 5120          |
| train/                  |               |
|    approx_kl            | 0.00065967767 |
|    clip_fraction        | 0.00332       |
|    clip_range           | 0.2           |
|    entropy_loss         | -0.883        |
|    explained_variance   | 0.818         |
|    learning_rate        | 0.0003        |
|    loss                 | 0.546         |
|    n_updates            | 2490          |
|    policy_gradient_loss | 0.00169       |
|    value_loss           | 1.83          |
-------------------------------------------
------------------------------------------
| rollout/                |              |
|    ep_len_mean          | 38.7         |
|    ep_rew_mean          | -6.95        |
| time/                   |              |
|    fps                  | 199          |
|    iterations           | 20           |
|    time_elapsed         | 51           |
|    total_timesteps      | 10240        |
| train/                  |              |
|    approx_kl            | 0.0036729667 |
|    clip_fraction        | 0.00918      |
|    clip_range           | 0.2          |
|    entropy_loss         | -0.921       |
|    explained_variance   | 0.672        |
|    learning_rate        | 0.0003       |
|    loss                 | 0.946        |
|    n_updates            | 2590         |
|    policy_gradient_loss | 0.000927     |
|    value_loss           | 4.05         |
------------------------------------------
-----------------------------------------
| rollout/                |             |
|    ep_len_mean          | 39.1        |
|    ep_rew_mean          | -6.72       |
| time/                   |             |
|    fps                  | 196         |
|    iterations           | 30          |
|    time_elapsed         | 78          |
|    total_timesteps      | 15360       |
| train/                  |             |
|    approx_kl            | 0.013885204 |
|    clip_fraction        | 0.141       |
|    clip_range           | 0.2         |
|    entropy_loss         | -0.983      |
|    explained_variance   | 0.695       |
|    learning_rate        | 0.0003      |
|    loss                 | 0.669       |
|    n_updates            | 2690        |
|    policy_gradient_loss | -0.0168     |
|    value_loss           | 1.25        |
-----------------------------------------
-----------------------------------------
| rollout/                |             |
|    ep_len_mean          | 37.4        |
|    ep_rew_mean          | -6.91       |
| time/                   |             |
|    fps                  | 190         |
|    iterations           | 40          |
|    time_elapsed         | 107         |
|    total_timesteps      | 20480       |
| train/                  |             |
|    approx_kl            | 0.004664408 |
|    clip_fraction        | 0.033       |
|    clip_range           | 0.2         |
|    entropy_loss         | -0.981      |
|    explained_variance   | 0.337       |
|    learning_rate        | 0.0003      |
|    loss                 | 2.1         |
|    n_updates            | 2790        |
|    policy_gradient_loss | 0.0054      |
|    value_loss           | 7.14        |
-----------------------------------------

--- Starting Iteration 8/10 ---
-----------------------------------------
| rollout/                |             |
|    ep_len_mean          | 37.9        |
|    ep_rew_mean          | -6.53       |
| time/                   |             |
|    fps                  | 203         |
|    iterations           | 10          |
|    time_elapsed         | 25          |
|    total_timesteps      | 5120        |
| train/                  |             |
|    approx_kl            | 0.007545909 |
|    clip_fraction        | 0.0234      |
|    clip_range           | 0.2         |
|    entropy_loss         | -0.994      |
|    explained_variance   | 0.92        |
|    learning_rate        | 0.0003      |
|    loss                 | 0.512       |
|    n_updates            | 2890        |
|    policy_gradient_loss | -0.00099    |
|    value_loss           | 1.09        |
-----------------------------------------
-----------------------------------------
| rollout/                |             |
|    ep_len_mean          | 38.3        |
|    ep_rew_mean          | -6.31       |
| time/                   |             |
|    fps                  | 197         |
|    iterations           | 20          |
|    time_elapsed         | 51          |
|    total_timesteps      | 10240       |
| train/                  |             |
|    approx_kl            | 0.011891159 |
|    clip_fraction        | 0.0523      |
|    clip_range           | 0.2         |
|    entropy_loss         | -0.948      |
|    explained_variance   | 0.626       |
|    learning_rate        | 0.0003      |
|    loss                 | 0.483       |
|    n_updates            | 2990        |
|    policy_gradient_loss | -0.0019     |
|    value_loss           | 2.43        |
-----------------------------------------
------------------------------------------
| rollout/                |              |
|    ep_len_mean          | 37.6         |
|    ep_rew_mean          | -6.31        |
| time/                   |              |
|    fps                  | 197          |
|    iterations           | 30           |
|    time_elapsed         | 77           |
|    total_timesteps      | 15360        |
| train/                  |              |
|    approx_kl            | 0.0052103507 |
|    clip_fraction        | 0.0273       |
|    clip_range           | 0.2          |
|    entropy_loss         | -1.01        |
|    explained_variance   | 0.745        |
|    learning_rate        | 0.0003       |
|    loss                 | 1.23         |
|    n_updates            | 3090         |
|    policy_gradient_loss | -0.00232     |
|    value_loss           | 2.78         |
------------------------------------------
-----------------------------------------
| rollout/                |             |
|    ep_len_mean          | 38.8        |
|    ep_rew_mean          | -6.76       |
| time/                   |             |
|    fps                  | 195         |
|    iterations           | 40          |
|    time_elapsed         | 104         |
|    total_timesteps      | 20480       |
| train/                  |             |
|    approx_kl            | 0.016048606 |
|    clip_fraction        | 0.181       |
|    clip_range           | 0.2         |
|    entropy_loss         | -0.975      |
|    explained_variance   | 0.767       |
|    learning_rate        | 0.0003      |
|    loss                 | 0.61        |
|    n_updates            | 3190        |
|    policy_gradient_loss | -0.00977    |
|    value_loss           | 1.86        |
-----------------------------------------

--- Starting Iteration 9/10 ---
-----------------------------------------
| rollout/                |             |
|    ep_len_mean          | 38.7        |
|    ep_rew_mean          | -6.79       |
| time/                   |             |
|    fps                  | 204         |
|    iterations           | 10          |
|    time_elapsed         | 25          |
|    total_timesteps      | 5120        |
| train/                  |             |
|    approx_kl            | 0.009876472 |
|    clip_fraction        | 0.0311      |
|    clip_range           | 0.2         |
|    entropy_loss         | -0.972      |
|    explained_variance   | 0.762       |
|    learning_rate        | 0.0003      |
|    loss                 | 0.601       |
|    n_updates            | 3290        |
|    policy_gradient_loss | -0.00475    |
|    value_loss           | 1.4         |
-----------------------------------------
-----------------------------------------
| rollout/                |             |
|    ep_len_mean          | 37.5        |
|    ep_rew_mean          | -6.49       |
| time/                   |             |
|    fps                  | 181         |
|    iterations           | 20          |
|    time_elapsed         | 56          |
|    total_timesteps      | 10240       |
| train/                  |             |
|    approx_kl            | 0.003718362 |
|    clip_fraction        | 0.0342      |
|    clip_range           | 0.2         |
|    entropy_loss         | -0.92       |
|    explained_variance   | 0.811       |
|    learning_rate        | 0.0003      |
|    loss                 | 0.945       |
|    n_updates            | 3390        |
|    policy_gradient_loss | -0.00302    |
|    value_loss           | 1.85        |
-----------------------------------------
-----------------------------------------
| rollout/                |             |
|    ep_len_mean          | 37.8        |
|    ep_rew_mean          | -6.57       |
| time/                   |             |
|    fps                  | 185         |
|    iterations           | 30          |
|    time_elapsed         | 82          |
|    total_timesteps      | 15360       |
| train/                  |             |
|    approx_kl            | 0.011280805 |
|    clip_fraction        | 0.0404      |
|    clip_range           | 0.2         |
|    entropy_loss         | -0.848      |
|    explained_variance   | 0.858       |
|    learning_rate        | 0.0003      |
|    loss                 | 0.501       |
|    n_updates            | 3490        |
|    policy_gradient_loss | -0.00476    |
|    value_loss           | 1.21        |
-----------------------------------------
-----------------------------------------
| rollout/                |             |
|    ep_len_mean          | 36.6        |
|    ep_rew_mean          | -6.18       |
| time/                   |             |
|    fps                  | 185         |
|    iterations           | 40          |
|    time_elapsed         | 110         |
|    total_timesteps      | 20480       |
| train/                  |             |
|    approx_kl            | 0.012873917 |
|    clip_fraction        | 0.197       |
|    clip_range           | 0.2         |
|    entropy_loss         | -0.88       |
|    explained_variance   | 0.85        |
|    learning_rate        | 0.0003      |
|    loss                 | 0.578       |
|    n_updates            | 3590        |
|    policy_gradient_loss | -0.0134     |
|    value_loss           | 1.61        |
-----------------------------------------

--- Starting Iteration 10/10 ---
------------------------------------------
| rollout/                |              |
|    ep_len_mean          | 38.6         |
|    ep_rew_mean          | -6.45        |
| time/                   |              |
|    fps                  | 197          |
|    iterations           | 10           |
|    time_elapsed         | 25           |
|    total_timesteps      | 5120         |
| train/                  |              |
|    approx_kl            | 0.0037733898 |
|    clip_fraction        | 0.0262       |
|    clip_range           | 0.2          |
|    entropy_loss         | -1.03        |
|    explained_variance   | 0.769        |
|    learning_rate        | 0.0003       |
|    loss                 | 0.829        |
|    n_updates            | 3690         |
|    policy_gradient_loss | 0.00515      |
|    value_loss           | 2.53         |
------------------------------------------
------------------------------------------
| rollout/                |              |
|    ep_len_mean          | 36.7         |
|    ep_rew_mean          | -6.19        |
| time/                   |              |
|    fps                  | 188          |
|    iterations           | 20           |
|    time_elapsed         | 54           |
|    total_timesteps      | 10240        |
| train/                  |              |
|    approx_kl            | 0.0060533965 |
|    clip_fraction        | 0.0273       |
|    clip_range           | 0.2          |
|    entropy_loss         | -1.04        |
|    explained_variance   | 0.552        |
|    learning_rate        | 0.0003       |
|    loss                 | 0.518        |
|    n_updates            | 3790         |
|    policy_gradient_loss | 0.00671      |
|    value_loss           | 4.13         |
------------------------------------------
-----------------------------------------
| rollout/                |             |
|    ep_len_mean          | 35.2        |
|    ep_rew_mean          | -5.99       |
| time/                   |             |
|    fps                  | 187         |
|    iterations           | 30          |
|    time_elapsed         | 82          |
|    total_timesteps      | 15360       |
| train/                  |             |
|    approx_kl            | 0.010868136 |
|    clip_fraction        | 0.0682      |
|    clip_range           | 0.2         |
|    entropy_loss         | -1.07       |
|    explained_variance   | 0.893       |
|    learning_rate        | 0.0003      |
|    loss                 | 0.397       |
|    n_updates            | 3890        |
|    policy_gradient_loss | -0.00163    |
|    value_loss           | 1.38        |
-----------------------------------------
-----------------------------------------
| rollout/                |             |
|    ep_len_mean          | 36.1        |
|    ep_rew_mean          | -6.35       |
| time/                   |             |
|    fps                  | 179         |
|    iterations           | 40          |
|    time_elapsed         | 113         |
|    total_timesteps      | 20480       |
| train/                  |             |
|    approx_kl            | 0.004042449 |
|    clip_fraction        | 0.0437      |
|    clip_range           | 0.2         |
|    entropy_loss         | -0.946      |
|    explained_variance   | 0.954       |
|    learning_rate        | 0.0003      |
|    loss                 | 0.214       |
|    n_updates            | 3990        |
|    policy_gradient_loss | -0.00418    |
|    value_loss           | 0.911       |
-----------------------------------------

============================================================
### FINAL MODEL EXPORT ###

-> Layer: cnn.0.weight | Shape: torch.Size([32, 10, 3, 3])
[[[[-0.05392082 -0.10596266 -0.010433  ]
   [-0.01146801  0.13549386  0.50501627]
   [-0.23122874  0.11247624 -0.22300734]]

  [[-0.39752278 -0.006108    0.02551674]
   [ 0.12953237  0.09337074  0.1750024 ]
   [-0.06777535 -0.07037114  0.21070866]]

  [[ 0.24188036  0.33142117 -0.07820061]
   [-0.00313851  0.0838659  -0.20549464]
   [-0.25848436 -0.09033366  0.2560452 ]]

  ...

  [[-0.05239148 -0.02122444  0.12776598]
   [ 0.00796993  0.39862368 -0.07314771]
   [-0.00403968 -0.1677559   0.1234668 ]]

  [[-0.19408187 -0.10397442  0.06431594]
   [-0.18770319 -0.10252974  0.00440022]
   [-0.2566605   0.16570118  0.0329224 ]]

  [[ 0.11048632 -0.09229163  0.27083367]
   [ 0.15511999 -0.04384641  0.25246543]
   [-0.00817262  0.0631273   0.25362042]]]


 [[[-0.13084908  0.02743209  0.20235041]
   [ 0.00884412  0.14703059 -0.00900968]
   [-0.10130458 -0.06000977 -0.00373052]]

  [[ 0.08289231  0.3321047  -0.03464413]
   [ 0.1732898  -0.05230766  0.2704369 ]
   [-0.06878521  0.13151136 -0.09740236]]

  [[ 0.10516917 -0.08627068  0.25351384]
   [ 0.0620803  -0.09030209 -0.08524501]
   [ 0.19085214 -0.17884606  0.15239243]]

  ...

  [[ 0.00383433  0.1003805  -0.00997941]
   [-0.0616826   0.2093846   0.02082744]
   [ 0.20324749  0.04437546 -0.21453542]]

  [[ 0.15667291 -0.23045011 -0.01269003]
   [ 0.15566015 -0.16522162  0.1015252 ]
   [-0.02807148  0.04551705 -0.05013053]]

  [[ 0.07646275  0.08060216 -0.13414596]
   [-0.12139738 -0.02457681 -0.15569301]
   [-0.01084999 -0.28853008  0.26035783]]]


 [[[-0.12839475  0.02904468 -0.07600135]
   [ 0.13213724  0.1531014   0.09596711]
   [ 0.02042384  0.02995384 -0.20624076]]

  [[ 0.16316594  0.01242694  0.086797  ]
   [ 0.00978847  0.11802647  0.14940059]
   [-0.17210117  0.24747922 -0.02853832]]

  [[-0.02774368 -0.20846388 -0.11021077]
   [-0.12459987  0.10474136  0.42339268]
   [-0.08645213 -0.27834183 -0.18948297]]

  ...

  [[ 0.07732216 -0.10910917  0.30614477]
   [ 0.14754376  0.1409609   0.3000773 ]
   [ 0.01356817 -0.01259424  0.20305927]]

  [[ 0.30907458 -0.02125502 -0.03263866]
   [ 0.20241262  0.00971621  0.04517419]
   [-0.29447415 -0.05551245 -0.06314336]]

  [[-0.07996824  0.04737509  0.43502724]
   [ 0.01554461  0.07531989 -0.05671102]
   [ 0.04202531  0.21904834 -0.20133926]]]


 ...


 [[[-0.05565047 -0.09084883 -0.18544857]
   [-0.10299378 -0.08732909 -0.10895096]
   [ 0.2016793  -0.24505195  0.11926107]]

  [[-0.14310022  0.04382292 -0.10115025]
   [ 0.35063133 -0.17933726  0.29002324]
   [-0.24682781 -0.04562249 -0.05662536]]

  [[ 0.10719281 -0.25389588 -0.12296152]
   [-0.33622402  0.04956868  0.05688151]
   [ 0.06558367 -0.00569714 -0.05211842]]

  ...

  [[ 0.05525813  0.08770116  0.01440259]
   [-0.19492441 -0.267096    0.20793347]
   [ 0.11416319 -0.00583447  0.05729888]]

  [[ 0.00155691  0.02482576 -0.052441  ]
   [ 0.23271391 -0.06641156 -0.1284582 ]
   [-0.25964147  0.25599393  0.18618315]]

  [[-0.02023049 -0.10725316  0.31193584]
   [ 0.06405606  0.14058287 -0.07863332]
   [-0.28245023 -0.04011911  0.22546455]]]


 [[[-0.06128419  0.15488614  0.05577916]
   [ 0.21884489 -0.00092037 -0.08661485]
   [-0.2461649   0.01147615  0.22241487]]

  [[ 0.01612563  0.16640909 -0.20891084]
   [ 0.07425292 -0.46356246 -0.1291492 ]
   [-0.03403916  0.10559102  0.22940882]]

  [[ 0.14806272  0.09328608 -0.05606791]
   [-0.1094277   0.18655582 -0.10188265]
   [-0.17405808 -0.03209585  0.00769718]]

  ...

  [[-0.11789224 -0.15991148 -0.05187098]
   [-0.00679426 -0.13701954  0.02504703]
   [-0.09714154  0.06870642  0.01546894]]

  [[ 0.07415006 -0.0650156   0.06840283]
   [ 0.06987152  0.1969474  -0.05635559]
   [-0.10715869  0.2708882  -0.16626577]]

  [[ 0.09142738  0.16969523 -0.03475608]
   [-0.0599372  -0.06771126 -0.039255  ]
   [-0.01797473 -0.0402359   0.29026788]]]


 [[[ 0.0814555   0.07781512  0.1173394 ]
   [ 0.1915018  -0.16250964 -0.04896034]
   [-0.12156828 -0.3060847   0.10461677]]

  [[-0.11855162  0.07349448 -0.04868777]
   [-0.16219561  0.30993903 -0.05264368]
   [ 0.12867063 -0.05551565 -0.2841452 ]]

  [[ 0.12196225  0.05326345 -0.22776589]
   [ 0.04893073  0.18075858 -0.04733441]
   [ 0.11589734 -0.07700954  0.114814  ]]

  ...

  [[ 0.06691313 -0.07006569  0.14862844]
   [-0.12357218 -0.05475739  0.1635981 ]
   [-0.08231212  0.18801305 -0.07848249]]

  [[ 0.20362687 -0.21355924  0.02229195]
   [ 0.11639623  0.17318393  0.40394083]
   [ 0.06418975  0.11632625 -0.08338234]]

  [[-0.05336143 -0.28207934 -0.12906958]
   [ 0.00739057 -0.22467431  0.25997806]
   [ 0.03826217 -0.07773452  0.03295049]]]]

-> Layer: cnn.0.bias | Shape: torch.Size([32])
[ 0.11888053 -0.06689177  0.01442742  0.0360639  -0.01556212  0.04127204
 -0.03539276  0.10267793  0.09165129  0.03675066  0.10707112  0.00544603
  0.0186485   0.01388116  0.01533693  0.0747387   0.05127899 -0.12299272
 -0.03278851  0.11320799  0.00146704  0.01255708  0.11261062  0.08369146
 -0.0119697   0.08515115  0.03614066  0.01273724  0.09695116  0.04138775
 -0.02483537  0.03678953]

-> Layer: cnn.2.weight | Shape: torch.Size([32, 32, 3, 3])
[[[[ 0.15709934 -0.13262333 -0.04780958]
   [-0.03456859  0.00196213  0.12965278]
   [-0.05658866 -0.10933897  0.05613011]]

  [[ 0.01619439 -0.01310885  0.0384397 ]
   [ 0.10351977 -0.14128865 -0.10149125]
   [ 0.11393952  0.09099471 -0.02379099]]

  [[ 0.06460699 -0.16614157 -0.00120604]
   [-0.02792954 -0.05509082 -0.0930801 ]
   [-0.07362419 -0.05282229  0.16422097]]

  ...

  [[-0.10472946 -0.06111584  0.05602939]
   [ 0.00096909 -0.01961001 -0.06491153]
   [ 0.06836566 -0.08120193  0.07730924]]

  [[-0.00617577 -0.19929446 -0.02235947]
   [-0.05494114  0.03275801 -0.05509871]
   [-0.10472111 -0.06552656  0.07595615]]

  [[ 0.01927154 -0.16802584 -0.03339756]
   [ 0.21321979 -0.03437712  0.03919446]
   [-0.01386866  0.01647953 -0.02792803]]]


 [[[-0.0096121  -0.13452934 -0.00474033]
   [ 0.18400905 -0.07517738  0.06065829]
   [-0.06336254  0.2571222   0.05494844]]

  [[ 0.09377256 -0.11560921 -0.07496215]
   [-0.17609748  0.10726569  0.07471823]
   [ 0.15651093  0.09472418  0.05036964]]

  [[-0.06312787  0.00952167  0.05788872]
   [ 0.04613489  0.13371176  0.03190231]
   [ 0.07212464 -0.1523597  -0.01382879]]

  ...

  [[ 0.0407999  -0.06516519  0.10041372]
   [ 0.02474624  0.08731178 -0.02639517]
   [-0.03176026 -0.25471365  0.08838151]]

  [[ 0.10095641  0.1989802  -0.11849374]
   [-0.00721113 -0.09762228 -0.06091193]
   [ 0.08020503 -0.09142487 -0.02320901]]

  [[ 0.01329256  0.06021359  0.00165103]
   [ 0.17388228  0.13620512  0.07148235]
   [ 0.03618256  0.25550798 -0.01205587]]]


 [[[ 0.14304636  0.0946896   0.14622296]
   [ 0.08028789 -0.04232376 -0.029418  ]
   [ 0.02927336 -0.05354378 -0.09685563]]

  [[-0.07521076 -0.273288   -0.12491138]
   [ 0.05058625 -0.19141516 -0.02530535]
   [-0.08403109  0.05985425 -0.09710652]]

  [[-0.01594703  0.10634623  0.05208553]
   [ 0.22873484  0.18651886  0.12418435]
   [ 0.00092023  0.1705516  -0.05518706]]

  ...

  [[-0.05055096  0.03479389 -0.024202  ]
   [ 0.03834093 -0.01238912  0.12711051]
   [-0.04177418  0.03829327 -0.02786283]]

  [[-0.11745784  0.02282892  0.02104215]
   [-0.0234765  -0.13319077 -0.1080249 ]
   [-0.0635508  -0.11272351 -0.15080918]]

  [[-0.13785905 -0.03547483 -0.09032498]
   [-0.04633313  0.02272961 -0.07330529]
   [ 0.02085389 -0.00677896 -0.10674548]]]


 ...


 [[[ 0.01969318 -0.26906678  0.0821756 ]
   [ 0.01332232 -0.07712851 -0.03415264]
   [-0.09127671  0.09487805 -0.03749869]]

  [[ 0.05024821 -0.29168704  0.0510178 ]
   [-0.04964878 -0.09908368  0.01441957]
   [ 0.00704908 -0.18147567 -0.00451672]]

  [[ 0.10172669 -0.04040568  0.12306663]
   [ 0.00833749  0.26432747  0.06263544]
   [-0.09318211  0.05897327  0.00792414]]

  ...

  [[-0.04675202  0.18252651  0.00744428]
   [-0.05028691  0.05320871  0.01534007]
   [-0.05493865  0.16945095  0.06613733]]

  [[ 0.01842224  0.01668381  0.09093561]
   [ 0.03019727 -0.11440016  0.06735849]
   [-0.02924442  0.07036562  0.03899256]]

  [[-0.13380848  0.12571114 -0.00891143]
   [-0.03723496  0.22658491 -0.02372111]
   [-0.0998242   0.07058249 -0.09175266]]]


 [[[ 0.14443184 -0.10980126  0.03958477]
   [ 0.05935114 -0.11041075  0.03315922]
   [ 0.09486506  0.05412093 -0.04724947]]

  [[-0.03958462 -0.02905533 -0.04672221]
   [-0.01204338  0.12261288 -0.06791788]
   [-0.02453141  0.0944581  -0.04354725]]

  [[-0.0852674  -0.07377017  0.08288056]
   [ 0.05434042  0.05378209  0.14174269]
   [ 0.0771049   0.16386074 -0.00834136]]

  ...

  [[-0.08180965  0.11198825  0.26089084]
   [-0.03376212 -0.01661005  0.02742722]
   [-0.1122059  -0.00249957 -0.13238123]]

  [[-0.12042041 -0.00378949 -0.04546745]
   [ 0.12167365 -0.09492473  0.0016227 ]
   [ 0.04921044  0.05850008  0.02780976]]

  [[ 0.01717661  0.09550712 -0.02600052]
   [ 0.02901567  0.0929652  -0.08015976]
   [ 0.04479146 -0.07894912  0.09001759]]]


 [[[-0.08011152 -0.05427257  0.01077646]
   [-0.10082696  0.04692584  0.18266694]
   [-0.04033388  0.01953957  0.03251806]]

  [[-0.07123306  0.03690767 -0.09305737]
   [ 0.08903943 -0.0471726   0.03874728]
   [-0.0248066  -0.17483816 -0.01418917]]

  [[-0.00439965  0.03124445 -0.04508701]
   [ 0.0379327   0.12535861  0.14084011]
   [-0.07059509  0.09515242 -0.12573522]]

  ...

  [[ 0.09947524 -0.09881619  0.0291525 ]
   [ 0.03220604 -0.01166072 -0.00759515]
   [ 0.07118493  0.16417727 -0.02675534]]

  [[-0.01802672 -0.06452009 -0.0782471 ]
   [-0.08752542 -0.05567069  0.00118128]
   [-0.00826547  0.1385089   0.03943732]]

  [[-0.03746257  0.03336111 -0.06362572]
   [-0.10514806 -0.00178801  0.0735055 ]
   [-0.02797641 -0.05643989  0.04467977]]]]

-> Layer: cnn.2.bias | Shape: torch.Size([32])
[-0.04016851  0.03055861 -0.02981537 -0.00302441  0.00303559 -0.04083214
  0.0661068  -0.05786385  0.06290398  0.02011371  0.03661554  0.00346439
  0.04994938 -0.09446093  0.04343939  0.07878087  0.02330683  0.0246745
  0.03399228  0.1265734  -0.01143249 -0.0024895   0.09054387  0.05540501
 -0.0530556   0.00744278 -0.05934331 -0.00102392 -0.06820264  0.02539016
 -0.02489051 -0.03930037]

-> Layer: cnn.5.weight | Shape: torch.Size([64, 32, 3, 3])
[[[[ 0.05514763 -0.10357387 -0.01779472]
   [-0.00468176  0.01668374 -0.00185701]
   [-0.14764324 -0.10700141  0.15918866]]

  [[ 0.06567407  0.02966449 -0.00481333]
   [-0.10825306  0.09846294  0.03819965]
   [ 0.11281675 -0.07750434  0.03281477]]

  [[-0.03927837  0.00153123 -0.16699302]
   [-0.08452975 -0.15280093 -0.07111021]
   [-0.06387354 -0.05150512 -0.08652779]]

  ...

  [[-0.09246158 -0.18837905  0.05889872]
   [-0.0568157  -0.03591302 -0.15687111]
   [ 0.0411999  -0.05478733 -0.1444353 ]]

  [[-0.01204956  0.11055191  0.10156624]
   [-0.02465199  0.00726605  0.00920526]
   [-0.0073258   0.21801062  0.13006878]]

  [[-0.15682317 -0.14156815 -0.05617358]
   [-0.06508264 -0.04640716  0.07237956]
   [-0.1483042  -0.00689462 -0.01969942]]]


 [[[-0.02362646  0.11324318 -0.09249542]
   [-0.072791    0.04752687 -0.06008642]
   [ 0.01316691 -0.0546561  -0.04503066]]

  [[-0.02888626  0.07516766  0.16424564]
   [-0.003832   -0.20354867  0.03207032]
   [ 0.02534757 -0.02448088  0.02476663]]

  [[-0.08310595 -0.07247085  0.0912951 ]
   [-0.13201325 -0.13730204 -0.16823363]
   [ 0.00107986  0.03341205  0.00132862]]

  ...

  [[-0.02750925  0.04417687  0.05333232]
   [ 0.01289819  0.1187848  -0.05283646]
   [ 0.10492172  0.02611203  0.08480993]]

  [[ 0.04031257  0.02735174  0.0766736 ]
   [ 0.14885004  0.02642341  0.1358956 ]
   [ 0.05401265 -0.02387783 -0.08681936]]

  [[ 0.03523776 -0.09689106  0.01007791]
   [ 0.00828474  0.05442799  0.11323283]
   [ 0.03981731 -0.06781828 -0.07967549]]]


 [[[ 0.07719395  0.07035506  0.0793261 ]
   [ 0.03867451 -0.13498276  0.12316189]
   [-0.05545743  0.01599536 -0.10558732]]

  [[-0.09131222 -0.01244416 -0.09342598]
   [ 0.02821486  0.18946825 -0.00582963]
   [ 0.03777976 -0.0065245  -0.08598379]]

  [[ 0.02854972  0.04073694 -0.03509486]
   [ 0.04293907 -0.02215503  0.00280606]
   [-0.11835862 -0.08830667  0.15605357]]

  ...

  [[ 0.04468848  0.01429155 -0.09203072]
   [-0.12547584 -0.10226329  0.00212485]
   [ 0.08082584  0.00376815  0.00541791]]

  [[-0.00465397 -0.00033291  0.00826765]
   [-0.10497498  0.03268237 -0.02659467]
   [-0.12238227  0.16130993  0.01887615]]

  [[-0.10362139 -0.02169693 -0.04426862]
   [-0.01303668 -0.15030366 -0.00515667]
   [ 0.07261756 -0.15424535 -0.08110099]]]


 ...


 [[[-0.00843033  0.11201581  0.04223934]
   [ 0.00074228 -0.112891   -0.00963458]
   [-0.1148311   0.08646683  0.07730979]]

  [[ 0.12840544 -0.01706369 -0.01020283]
   [-0.02630061  0.10482928 -0.09740345]
   [-0.09680191  0.02004815 -0.02257013]]

  [[ 0.02791643 -0.02023754 -0.17126119]
   [ 0.03904661 -0.0869547  -0.02545605]
   [ 0.00046838  0.14039433  0.04913136]]

  ...

  [[ 0.09341867 -0.01877705  0.04084236]
   [-0.16148847 -0.19041249  0.01844703]
   [-0.07474928  0.16269039  0.10224105]]

  [[ 0.07986178  0.03620578 -0.00212215]
   [-0.00075177  0.10512278  0.00554314]
   [ 0.08007384  0.11496519 -0.1184785 ]]

  [[ 0.0259341   0.04640844 -0.03454233]
   [ 0.04212908 -0.08369365  0.07325054]
   [ 0.01970342  0.10701893  0.02715452]]]


 [[[ 0.06957608  0.00660046 -0.03598303]
   [-0.14196481 -0.03384257  0.07716806]
   [ 0.02429345 -0.05507125 -0.14900696]]

  [[-0.00335671 -0.03101328 -0.05152766]
   [ 0.00440087  0.04124361 -0.05229138]
   [-0.09782264  0.06255583  0.15972759]]

  [[ 0.05462243  0.13726613  0.04661648]
   [ 0.05749512  0.09938562  0.05683171]
   [ 0.02441841  0.07484404 -0.1382974 ]]

  ...

  [[ 0.03226789 -0.06513456  0.05553017]
   [ 0.09234146  0.12778781  0.15233712]
   [ 0.03164163  0.12659669  0.00095781]]

  [[ 0.08867615 -0.0119014  -0.10718129]
   [ 0.07093169  0.22267096  0.01515084]
   [-0.07204636 -0.08132141 -0.06501435]]

  [[-0.06374123  0.05358707  0.02707686]
   [-0.0348595   0.00246046 -0.10208903]
   [-0.01198442 -0.04526947  0.06329767]]]


 [[[ 0.01005271 -0.10275975 -0.06542297]
   [ 0.07076241 -0.11555593 -0.1138876 ]
   [-0.03859405  0.0703587  -0.05354134]]

  [[-0.03187839  0.02290311  0.0041141 ]
   [-0.07087073  0.05643011  0.05805202]
   [-0.03331919 -0.18218146 -0.04021471]]

  [[ 0.096895   -0.0717924  -0.12087665]
   [ 0.06357386 -0.10662677 -0.04387391]
   [-0.05257707 -0.05044344 -0.05131331]]

  ...

  [[ 0.03785312  0.02101934 -0.02381408]
   [-0.08180821  0.14563589  0.04170971]
   [-0.06114437 -0.03653514  0.10635787]]

  [[ 0.03938751 -0.0608479  -0.06841316]
   [ 0.01283847  0.04200477  0.03858808]
   [ 0.06508102 -0.01418747 -0.1373482 ]]

  [[-0.0021151   0.10542778 -0.08669341]
   [ 0.03995487  0.01461864  0.01234778]
   [ 0.05794382 -0.10204491  0.07214803]]]]

-> Layer: cnn.5.bias | Shape: torch.Size([64])
[-0.00849602  0.01814857 -0.04604909  0.04325448 -0.02091446 -0.00823375
  0.07287448  0.00174703 -0.02386513  0.03310407  0.05708292  0.03836023
 -0.03449203 -0.04259862  0.00949137 -0.01292545  0.00461985  0.05440791
 -0.00152139  0.02334669 -0.05262021  0.03241444 -0.04707689  0.00956768
 -0.00258034  0.0413826  -0.02048473 -0.02918955 -0.06831388 -0.00554959
  0.04919034  0.03711137  0.03564982 -0.04052701 -0.05610588  0.00019281
 -0.01716086 -0.04466095 -0.05666186 -0.0116698  -0.00573652 -0.05828521
 -0.03147893  0.04635807 -0.0498906  -0.02618374 -0.01312082 -0.05940985
 -0.05121331 -0.03187913 -0.01468807  0.02600307  0.02253577  0.0162431
 -0.02701704  0.02771075 -0.02676686 -0.01067626 -0.01379248 -0.04165814
 -0.02896124  0.01050645  0.01092438 -0.01701515]

-> Layer: cnn.7.weight | Shape: torch.Size([64, 64, 3, 3])
[[[[ 6.75725266e-02 -6.30572811e-02 -3.21543030e-02]
   [-1.07794121e-01 -2.54145707e-03  2.80800536e-02]
   [-9.46805626e-02 -2.39681751e-02  2.08628312e-01]]

  [[-9.69138835e-03 -2.87542567e-02  5.87993450e-02]
   [-8.18645358e-02  3.28494832e-02 -6.91363737e-02]
   [-8.42618644e-02  9.60306972e-02  8.00569542e-03]]

  [[ 7.18183443e-02  2.48809196e-02  2.44932789e-02]
   [ 2.67189834e-02 -4.60747816e-02  8.38275105e-02]
   [-6.23942986e-02 -1.70944761e-02  1.22650964e-02]]

  ...

  [[-1.36613935e-01  3.16651799e-02 -1.62447393e-02]
   [ 1.15971237e-01 -8.24250877e-02 -4.99868728e-02]
   [ 2.24880595e-02  6.21717200e-02 -1.02725178e-01]]

  [[ 1.01624340e-01  2.14484036e-02 -2.69799046e-02]
   [ 1.18908603e-02 -6.86520264e-02 -2.78097522e-02]
   [-6.92685843e-02  7.31599890e-03  7.23667517e-02]]

  [[ 9.40540631e-04 -5.72057739e-02  3.48492563e-02]
   [ 2.85267849e-02  2.16070060e-02  1.21394601e-02]
   [-9.64571312e-02 -1.22695565e-01 -1.60870254e-01]]]


 [[[-4.59234416e-02  1.39443688e-02  2.60420796e-02]
   [ 8.26137140e-02 -3.17718685e-02 -7.44995102e-02]
   [-3.27116400e-02  8.25007707e-02 -8.64915699e-02]]

  [[-6.85135871e-02  4.43707854e-02  4.08232138e-02]
   [ 3.03347111e-02  1.84410326e-02  4.21499312e-02]
   [-1.12826310e-01  2.37792600e-02  3.23786885e-02]]

  [[-9.67176910e-03 -2.39725243e-02 -6.93863779e-02]
   [-3.28966454e-02 -1.14320152e-01 -3.85702699e-02]
   [-8.72458220e-02 -4.63687023e-03  3.89694013e-02]]

  ...

  [[-8.42518061e-02  3.00351027e-02  5.60913309e-02]
   [ 3.89184132e-02 -5.93638085e-02 -6.76906183e-02]
   [ 1.05994353e-02  2.83562578e-02 -4.06561345e-02]]

  [[-4.14472222e-02  3.51941139e-02 -8.10806677e-02]
   [-3.51178348e-02  4.96495143e-03 -8.66386015e-03]
   [ 1.59614719e-02  2.01722886e-02 -8.46176073e-02]]

  [[-3.29363272e-02 -8.20930675e-03 -3.13821472e-02]
   [-8.21278766e-02 -7.29542822e-02 -1.51885552e-02]
   [-7.11864978e-02 -7.39744231e-02 -3.26572545e-02]]]


 [[[ 1.02211826e-01  1.92176774e-02  2.21930128e-02]
   [ 2.31167935e-02 -9.48398747e-03  4.45099995e-02]
   [-1.43771358e-02  3.30626480e-02 -4.69015129e-02]]

  [[-1.01840079e-01 -5.34056202e-02  4.74978425e-02]
   [-1.50650432e-02  6.82245567e-02  6.75293058e-02]
   [-4.84109670e-02  1.60851002e-01  6.98422715e-02]]

  [[-2.24356726e-02 -4.67281938e-02  1.31760174e-02]
   [ 3.76754329e-02  1.08636081e-01  1.03178561e-01]
   [-2.95799877e-02 -5.72220534e-02 -1.29797729e-02]]

  ...

  [[-5.06261550e-02 -4.63998877e-02  8.96222442e-02]
   [ 1.28257498e-01 -1.32645518e-01 -1.45702129e-02]
   [ 2.80436222e-02 -1.54954148e-02 -6.16111830e-02]]

  [[ 2.40168516e-02 -5.22390753e-02 -5.92313381e-03]
   [-3.73552740e-02  7.55550712e-02 -8.41125250e-02]
   [-3.19169238e-02  7.31122717e-02 -3.09258141e-02]]

  [[-2.54586115e-02  9.94188935e-02  9.95022524e-03]
   [-7.11446702e-02 -1.32513449e-01 -7.01839328e-02]
   [ 1.01736650e-01 -1.39637366e-02 -4.35889997e-02]]]


 ...


 [[[ 7.35594518e-03 -2.24599764e-02  1.96141414e-02]
   [-6.18964918e-02  4.30112332e-03 -7.34230736e-03]
   [-4.82920110e-02  4.05153856e-02  5.96565334e-03]]

  [[ 1.82878181e-01  4.51523028e-02  8.24735686e-02]
   [-5.63795418e-02 -2.47303769e-01 -3.30452062e-02]
   [-3.88479307e-02 -2.67373025e-02 -7.30309039e-02]]

  [[ 4.71247062e-02  3.23091336e-02 -5.76806590e-02]
   [ 8.17496330e-03  7.57205784e-02 -1.41461259e-02]
   [-6.78386167e-02 -1.84381045e-02  3.34972739e-02]]

  ...

  [[ 5.05010709e-02  4.82817739e-02 -3.48369568e-03]
   [ 7.75300041e-02  1.03239700e-01 -4.19924706e-02]
   [-1.35707468e-01  8.25330091e-04 -1.35136573e-02]]

  [[-2.26175273e-03 -2.30782367e-02  1.48587404e-02]
   [ 5.45318834e-02  3.75321205e-03  2.38120500e-02]
   [ 7.76703730e-02  9.25803743e-03  7.25750998e-02]]

  [[-3.32127996e-02 -5.70913181e-02  1.74846649e-02]
   [-4.18803468e-02 -1.61834601e-02 -4.37962376e-02]
   [-8.71265773e-03  2.03671604e-02  3.83108445e-02]]]


 [[[ 1.48986289e-02 -1.54355381e-04 -1.52040005e-01]
   [-3.51869278e-02 -8.35810900e-02  8.87863040e-02]
   [-3.91142778e-02 -2.31720451e-02 -2.07125042e-02]]

  [[-2.78213318e-03 -1.16676940e-02  2.51763351e-02]
   [-8.13394785e-02 -4.62673651e-03  1.12105951e-01]
   [ 2.89546791e-02  3.97791341e-02 -3.76453809e-02]]

  [[-6.65230900e-02  9.60125923e-02 -2.96064857e-02]
   [ 4.21884544e-02  6.22266997e-03 -3.32567357e-02]
   [-1.40154893e-02 -1.01430140e-01 -2.05067620e-01]]

  ...

  [[ 2.18825066e-03 -3.67823876e-02  2.52059270e-02]
   [-2.74198558e-02  8.45137760e-02  4.56758700e-02]
   [ 6.91811787e-03 -8.74700248e-02  3.56987007e-02]]

  [[ 1.15990050e-01  7.38344528e-03  1.39359524e-02]
   [-1.68006290e-02 -1.74991637e-02 -1.05869055e-01]
   [ 3.42544019e-02 -9.02971160e-03  4.79320511e-02]]

  [[ 1.23984285e-01 -2.21216641e-02 -1.34918272e-01]
   [ 6.13130257e-02 -2.32538451e-02  3.24065201e-02]
   [ 6.83311895e-02 -5.33606531e-03  5.70387989e-02]]]


 [[[ 6.07819706e-02  8.66183043e-02  2.00981036e-01]
   [ 4.40462939e-02 -9.97178629e-02  9.20591503e-03]
   [ 1.84727535e-02  2.10386049e-02  9.46484506e-02]]

  [[-7.18307719e-02  7.88039863e-02  4.32484597e-02]
   [-1.73054636e-02 -7.39931986e-02 -4.90672551e-02]
   [-7.38511831e-02  2.24796645e-02  5.77438511e-02]]

  [[ 2.53245179e-02  1.05883785e-01 -1.08285574e-02]
   [ 7.66092315e-02 -8.16096663e-02 -2.73516029e-02]
   [ 8.71467218e-03 -5.60980439e-02  4.27765548e-02]]

  ...

  [[-1.06770284e-02  6.85409456e-02 -1.82106458e-02]
   [-1.73380096e-02 -1.32046491e-01  2.71169506e-02]
   [ 2.86929701e-02 -7.65774632e-03  5.05429320e-02]]

  [[ 9.39342529e-02  9.86598805e-02 -1.13289636e-02]
   [ 7.67522827e-02  4.78492007e-02  3.29502523e-02]
   [ 1.61277167e-02  9.13515538e-02 -3.26167676e-03]]

  [[-8.90824869e-02  1.06752224e-01  3.57757658e-02]
   [-1.21926650e-01  6.86307671e-03  3.77506800e-02]
   [ 5.28589785e-02 -3.70944291e-02 -2.54534315e-02]]]]

-> Layer: cnn.7.bias | Shape: torch.Size([64])
[ 0.03265345  0.05015402  0.01797976 -0.05468596  0.03769496 -0.01469597
  0.03864812 -0.01449827 -0.03247562 -0.01446579  0.05408599  0.01226307
  0.01982937  0.01879763 -0.01097038 -0.01376105  0.02600264  0.02387792
  0.09285343 -0.01918728  0.02692058  0.02801074  0.03999162  0.04043968
  0.03830338 -0.02684677  0.05732509 -0.01832745  0.06365829  0.00453703
  0.032765    0.01810294 -0.04345952  0.0309483   0.00257632 -0.04083321
 -0.01602143  0.07653227 -0.00209395 -0.08204426  0.03889209 -0.01539919
  0.01725984  0.05446029  0.04292629  0.00543688 -0.02936166  0.06254048
  0.05958535  0.04848816 -0.00621695  0.05228212 -0.00911803  0.01891816
  0.00761876 -0.00460483 -0.05146659 -0.04894628 -0.02660665 -0.0411755
  0.00612446  0.05840233 -0.03305169  0.03954494]

-> Layer: cnn.10.weight | Shape: torch.Size([128, 64, 3, 3])
[[[[-5.47590405e-02  2.20953999e-03 -1.03907339e-01]
   [-5.38613014e-02 -1.69378147e-01  4.72464487e-02]
   [ 4.84375134e-02 -1.36601448e-01  9.16046575e-02]]

  [[ 4.93503325e-02  3.44267860e-02  3.38231102e-02]
   [-5.19934893e-02 -4.58939672e-02 -2.58328542e-02]
   [ 5.92307448e-02 -3.39988545e-02  7.92055577e-02]]

  [[-3.58682051e-02 -3.97498608e-02 -2.97239590e-02]
   [-2.25363597e-02 -1.13794982e-01  7.32735768e-02]
   [-1.21888570e-01  6.25914037e-02  6.86615407e-02]]

  ...

  [[-2.17959266e-02 -1.26265422e-01 -1.77800264e-02]
   [-5.98996645e-03  5.64310327e-02  5.17714694e-02]
   [ 1.41485706e-01  6.59295321e-02 -8.74010846e-02]]

  [[-3.72033827e-02 -3.81172486e-02 -3.41799506e-03]
   [-8.08844268e-02 -2.21340600e-02 -8.78579915e-02]
   [ 4.41570692e-02 -1.48162767e-01 -6.78540692e-02]]

  [[-6.83064014e-02  1.48828542e-02 -6.03756215e-03]
   [-2.26916792e-03 -7.62919188e-02 -1.08628750e-01]
   [ 3.94176841e-02  5.03854081e-02  1.24852965e-02]]]


 [[[-8.19719508e-02  3.54621895e-02 -1.27328336e-02]
   [-8.19496854e-05  3.66813093e-02 -5.18441312e-02]
   [ 8.55805259e-03  5.65281846e-02 -1.12264557e-02]]

  [[ 7.51765296e-02 -6.05565533e-02  2.34992616e-02]
   [ 7.51072243e-02  9.25312862e-02  9.75544974e-02]
   [ 3.08057126e-02 -1.82996076e-02 -2.73199715e-02]]

  [[-2.78153345e-02  3.94465365e-02 -4.35650200e-02]
   [ 1.28675565e-01  1.33264452e-01 -1.19135273e-03]
   [-4.23892066e-02 -6.63887560e-02  6.67240331e-03]]

  ...

  [[-6.57166028e-03  4.74150777e-02 -1.48542553e-01]
   [ 8.52211192e-02 -7.31805041e-02  5.89148188e-03]
   [-1.93952713e-02 -1.12887517e-01 -5.05532511e-02]]

  [[-4.33914289e-02  1.70019030e-05  4.07922938e-02]
   [ 9.31240097e-02  5.66951279e-03  5.91434948e-02]
   [-6.65917173e-02  9.44332331e-02 -1.28217563e-02]]

  [[ 2.30187830e-03 -3.21941450e-02  1.56617630e-02]
   [ 2.73632742e-02 -1.53624257e-02 -1.65729616e-02]
   [ 4.00180230e-03 -2.90754512e-02 -2.08107289e-02]]]


 [[[-8.54588673e-02  1.69327836e-02  3.90600134e-03]
   [-5.98612726e-02  1.12214871e-01 -4.97866161e-02]
   [-1.19263895e-01  5.02783060e-03  4.13729176e-02]]

  [[-7.21510798e-02 -4.55521904e-02 -5.45309708e-02]
   [ 6.23445809e-02 -8.18710476e-02 -5.72515614e-02]
   [-6.26074150e-03  3.45765688e-02 -1.19664006e-01]]

  [[ 4.85242754e-02 -9.64948609e-02  2.47966615e-03]
   [-4.27959450e-02  8.66036862e-02  2.15754751e-02]
   [ 1.18834630e-01  5.68495281e-02  4.07002158e-02]]

  ...

  [[ 3.87504920e-02 -3.56962606e-02  5.61263040e-02]
   [ 7.83697590e-02  1.54518960e-02  3.19560766e-02]
   [-3.09429900e-03 -8.34630523e-03  1.68946330e-02]]

  [[-1.99234542e-02  6.37081936e-02  1.07116727e-02]
   [ 9.42766070e-02 -6.71056360e-02 -6.15992211e-02]
   [ 2.48488337e-02 -2.16881838e-02  1.46504030e-01]]

  [[-1.37420315e-02 -3.32128219e-02 -1.67694315e-02]
   [-5.08999377e-02  1.04892850e-01  3.70293260e-02]
   [ 9.38729267e-04  2.32729316e-02  7.00843707e-02]]]


 ...


 [[[-1.09554484e-01 -2.09460850e-03  1.68992504e-02]
   [ 2.50331853e-02  2.95706131e-02  3.31865847e-02]
   [-4.32435237e-02  1.06014222e-01 -1.12876266e-01]]

  [[-1.38198379e-02  8.35134555e-03 -1.97797529e-02]
   [-6.86712703e-03  6.77666664e-02 -6.09014258e-02]
   [ 2.82493187e-04  2.64337938e-02  2.24311799e-02]]

  [[-9.12215502e-04  6.16036616e-02  7.63010699e-04]
   [-1.29789719e-02 -8.02767277e-02  3.78375165e-02]
   [ 1.07532084e-01  1.73436627e-02 -1.96764409e-03]]

  ...

  [[-5.17647597e-04  7.42662251e-02  1.09676104e-02]
   [-1.86188854e-02  6.23858720e-02 -7.98651055e-02]
   [ 3.79422717e-02 -1.04387984e-01 -4.40698676e-02]]

  [[ 2.90340651e-03  5.46576269e-02 -8.29947740e-02]
   [-7.57124498e-02 -1.21222320e-03  5.72612062e-02]
   [ 3.36458795e-02  3.24164107e-02  8.31862167e-03]]

  [[ 2.48537697e-02  1.20030472e-03  2.66413447e-02]
   [ 3.81664447e-02  5.38393110e-02 -4.81877662e-02]
   [-2.01120023e-02  7.75847491e-03 -2.91475859e-02]]]


 [[[ 8.35476350e-03  1.53711101e-03  1.87371932e-02]
   [ 4.13596034e-02  1.31071374e-01  1.41697824e-01]
   [ 4.09518629e-02  5.31229787e-02  4.06182595e-02]]

  [[-2.77658477e-02 -1.14481524e-02 -3.22476663e-02]
   [-8.91855732e-02  6.94360211e-02 -3.18521522e-02]
   [-4.07486260e-02  1.64886508e-02  5.44771142e-02]]

  [[-3.10617685e-02  2.54546832e-02 -1.59962364e-02]
   [-4.26301360e-02  7.31729865e-02  2.05479059e-02]
   [ 2.32534688e-02 -3.05166878e-02  4.57252674e-02]]

  ...

  [[ 1.27219796e-01 -3.87885273e-02  8.54360126e-03]
   [-3.70327160e-02  4.28961962e-03 -2.62915250e-02]
   [-2.30903868e-02 -1.17654346e-01  8.99305493e-02]]

  [[ 4.41704467e-02 -8.36697444e-02 -1.13850739e-02]
   [ 3.67077067e-02 -6.91887438e-02 -3.28269452e-02]
   [ 3.12812328e-02 -7.63566718e-02 -4.88711707e-02]]

  [[ 4.81083393e-02 -8.04958045e-02  4.89368103e-02]
   [-1.43365348e-02 -4.38649468e-02 -5.38354106e-02]
   [-5.88903166e-02 -4.77846935e-02  7.78777804e-03]]]


 [[[ 1.32615939e-02  9.57749486e-02 -2.41378229e-03]
   [-2.61673294e-02  1.53769344e-01 -1.35111436e-03]
   [-3.92324924e-02 -4.26594429e-02  1.82380080e-02]]

  [[ 3.69295850e-02 -5.79139031e-02 -7.51760602e-02]
   [-1.94015242e-02  1.82276487e-01  4.03757906e-03]
   [ 3.64561267e-02  4.04390432e-02  4.88331355e-02]]

  [[-3.74534577e-02 -3.84717695e-02 -6.70331763e-03]
   [-6.95689057e-04  3.95128056e-02 -2.24277731e-02]
   [ 2.30924561e-04  6.70583546e-02 -1.31438894e-04]]

  ...

  [[ 2.57076807e-02  3.60261686e-02  1.58281140e-02]
   [ 8.88395384e-02 -7.02836663e-02 -6.57471195e-02]
   [ 2.92632077e-02 -6.97076544e-02  5.55255590e-03]]

  [[ 8.95538330e-02 -1.79171324e-01 -3.75350118e-02]
   [-9.89884720e-04 -1.74883623e-02  5.57156764e-02]
   [-5.18973870e-03 -1.23360716e-02  3.25275436e-02]]

  [[-8.23742822e-02  3.94818746e-03 -8.04874003e-02]
   [ 1.98002961e-02 -6.41397908e-02 -5.45016490e-02]
   [-4.48002592e-02 -6.46978915e-02  3.78201194e-02]]]]

-> Layer: cnn.10.bias | Shape: torch.Size([128])
[ 0.02107461  0.02629836  0.02832576 -0.02213227 -0.00438276  0.10592224
 -0.0078385  -0.00119857 -0.00562128  0.01362833  0.02407931 -0.01115755
  0.01655709  0.00086034 -0.01937826 -0.00533797 -0.01703679 -0.00369876
 -0.01616734  0.00268031 -0.00114746  0.00973936  0.00926881  0.03523023
  0.07104892 -0.01105482 -0.02721761 -0.00973607 -0.01251266 -0.00311181
 -0.02884623 -0.00360684 -0.01735849  0.00139914  0.15169474  0.13104293
 -0.00117376  0.03571389  0.01329992  0.02939117 -0.03244583  0.11178861
 -0.00135217  0.04322236  0.06238141 -0.00843976  0.00226099  0.02489491
 -0.01955358  0.04985112  0.10378627 -0.0054357  -0.01932184 -0.00805913
  0.00599928 -0.01343486  0.04114445 -0.00662604  0.00259     0.08304205
  0.02475158  0.00539815 -0.02810534  0.01017547 -0.03639645 -0.01366354
 -0.00514094  0.00273039 -0.01816337  0.01589831 -0.00050813  0.01091748
  0.01665786 -0.01833805 -0.01658694  0.00689776  0.00371049  0.00604524
 -0.03211477 -0.00585889 -0.0147136  -0.0324319  -0.00053479  0.00110928
  0.01604322 -0.05776965  0.08752316 -0.01123338 -0.02215892 -0.01585367
 -0.01015201  0.02928512 -0.02008499  0.01034251 -0.01512994  0.13381694
 -0.02216566 -0.00336595  0.17233996  0.05970156  0.03169402 -0.00156564
  0.03382818  0.02566055 -0.01470984  0.14112502 -0.01566975 -0.04138932
 -0.00673324  0.06241962 -0.00546084 -0.00237632  0.14498085  0.02716748
 -0.0341868   0.00440008 -0.03823524  0.01560878 -0.02344801  0.00169511
 -0.00449623  0.00748139  0.10259228  0.14016551 -0.00794959  0.01448182
  0.00134439 -0.0141259 ]

-> Layer: cnn.12.weight | Shape: torch.Size([128, 128, 3, 3])
[[[[ 0.01170991 -0.04455196  0.02315036]
   [-0.00907617  0.08774918 -0.00876996]
   [ 0.00342503  0.05041253 -0.02476452]]

  [[-0.07148432 -0.05042364 -0.02992195]
   [ 0.01333587  0.12220342 -0.02132594]
   [ 0.05717289 -0.04306328 -0.00556751]]

  [[ 0.00416793 -0.09966743 -0.05334111]
   [-0.02629765 -0.02186343 -0.00746173]
   [ 0.05105206  0.02745352  0.0120726 ]]

  ...

  [[-0.01113889 -0.05316855 -0.00151454]
   [ 0.06674984  0.01696695  0.00930414]
   [ 0.03990448  0.00944029 -0.03782988]]

  [[-0.03438391  0.01497679 -0.06304052]
   [ 0.00916983 -0.00838975 -0.04104799]
   [-0.02672307 -0.00533598 -0.00013708]]

  [[-0.01720736  0.00049849 -0.0549753 ]
   [-0.0227287   0.04286994  0.04683656]
   [-0.02740199 -0.04780251  0.05121461]]]


 [[[ 0.0165848  -0.01666082  0.01687154]
   [-0.03330179 -0.03253101 -0.0516713 ]
   [ 0.09693848  0.0572881   0.02945831]]

  [[-0.01599141  0.03998883 -0.0141567 ]
   [ 0.06202402 -0.0505636  -0.04412801]
   [-0.02342718 -0.0041165  -0.02451038]]

  [[-0.01508567 -0.04252148 -0.01936531]
   [-0.01131926  0.01303154  0.07712572]
   [ 0.04887637  0.06378923  0.07449317]]

  ...

  [[-0.02377194  0.01653955  0.11094676]
   [ 0.06553198 -0.06923908 -0.00316698]
   [ 0.03582301 -0.0283827  -0.02031534]]

  [[-0.02112583 -0.05668303  0.0306093 ]
   [ 0.03101974  0.01748268 -0.00029826]
   [-0.00435167 -0.03058374  0.02592661]]

  [[ 0.02227863 -0.01961265  0.02553947]
   [ 0.00291114 -0.03810864  0.01332609]
   [ 0.05054615  0.02630963  0.07041033]]]


 [[[-0.01058684  0.05232216 -0.02439072]
   [ 0.0116376   0.08748067 -0.04933065]
   [-0.04253438 -0.00888282 -0.00154104]]

  [[ 0.06119407  0.06511347  0.08776552]
   [-0.00216429  0.03923674  0.00243486]
   [ 0.00015954  0.01575315  0.01174954]]

  [[-0.03026412 -0.05675361 -0.03930214]
   [ 0.0398013   0.05957239  0.00688503]
   [-0.00284125  0.05385535 -0.01482158]]

  ...

  [[ 0.04894976  0.01808104 -0.02280409]
   [-0.03550382 -0.04603076 -0.05660697]
   [ 0.07619689  0.05221462 -0.00028927]]

  [[-0.07406767  0.10010125 -0.00906375]
   [-0.00651055  0.05626322 -0.02780481]
   [ 0.01465932 -0.01003609 -0.04008535]]

  [[ 0.01923934 -0.00588634 -0.00066486]
   [ 0.01532409  0.07603083  0.12212739]
   [-0.0241282   0.03708231  0.07301534]]]


 ...


 [[[ 0.00072254  0.00868235  0.04759203]
   [ 0.07627298  0.10191    -0.05462761]
   [-0.00405443 -0.05577877  0.01893508]]

  [[-0.00717774 -0.02408625 -0.0099599 ]
   [ 0.04779299  0.02853011 -0.02049243]
   [ 0.09605712  0.00110909  0.04093107]]

  [[-0.01704145 -0.02833886  0.03435433]
   [-0.00439988  0.03222394 -0.00993957]
   [-0.01228777 -0.01420374  0.01850864]]

  ...

  [[ 0.0081871  -0.0813745   0.00452247]
   [-0.01681852  0.05060088 -0.01675423]
   [ 0.03356637  0.03667492  0.02003101]]

  [[ 0.05136614  0.02951848 -0.03887249]
   [-0.041324    0.05510561 -0.00407788]
   [ 0.01362615  0.10459284 -0.04312712]]

  [[-0.00646505 -0.00184631  0.07717325]
   [-0.00556731 -0.00073156  0.06542277]
   [ 0.03511753 -0.08426063  0.11207932]]]


 [[[-0.05069612  0.05046527 -0.00269587]
   [-0.00203767  0.06121736  0.00734078]
   [ 0.05447701 -0.08862311 -0.02116634]]

  [[-0.01186313  0.01568604  0.08326187]
   [-0.0028424   0.01875062 -0.04666788]
   [ 0.02287948 -0.01291875 -0.03434468]]

  [[ 0.01711256  0.05044811 -0.06831855]
   [ 0.02255516  0.00182697 -0.05586132]
   [-0.02846507  0.04918118  0.01134423]]

  ...

  [[ 0.00728382  0.00313227  0.03483839]
   [ 0.00153498 -0.05898    -0.03027231]
   [-0.01854719  0.04328633  0.03373052]]

  [[ 0.05769123  0.02044998 -0.00300023]
   [-0.02825214 -0.00379044  0.01483755]
   [-0.02726412 -0.09497942  0.03932581]]

  [[-0.06192226 -0.05766337  0.01547527]
   [ 0.04512021 -0.02087906  0.05891256]
   [ 0.01969738 -0.00392301 -0.06172823]]]


 [[[-0.03377635  0.01408101 -0.02767044]
   [ 0.06012745  0.11238088  0.0351027 ]
   [ 0.0286598  -0.03065149 -0.01328231]]

  [[ 0.06803739 -0.0617574  -0.0200938 ]
   [ 0.0017079  -0.03354408  0.04960142]
   [ 0.01408922  0.01219491  0.01682482]]

  [[ 0.01214239  0.01624087 -0.01696775]
   [ 0.01261502  0.00025077  0.01006027]
   [-0.00308329 -0.00704283  0.03768   ]]

  ...

  [[-0.00093427 -0.07334575 -0.00032726]
   [-0.0259533  -0.02327809  0.01018584]
   [-0.03189979 -0.01511919  0.0323048 ]]

  [[-0.0206772   0.06010499 -0.01125399]
   [ 0.00827715  0.05716527  0.08040578]
   [ 0.04013712  0.01439273  0.02759395]]

  [[ 0.02457687  0.02210523  0.04967732]
   [ 0.06039843  0.06661291 -0.03561613]
   [ 0.08529218  0.06670573 -0.07561682]]]]

-> Layer: cnn.12.bias | Shape: torch.Size([128])
[ 9.35500022e-03 -3.63832302e-02  5.43077402e-02  4.15205061e-02
 -4.79437038e-03  5.89027070e-02 -1.59072131e-02 -1.14363097e-02
  1.30841106e-01 -3.97032127e-02  4.18416820e-02  5.91920502e-03
 -2.30971607e-03  1.31975308e-01  4.66143265e-02 -1.62658483e-01
  7.80001804e-02  2.05209911e-01  2.05386337e-02 -2.38774344e-02
  8.76509026e-02 -4.62247804e-03 -3.94843370e-02 -4.34451066e-02
  3.33684608e-02  5.03437407e-02 -1.36010647e-02  2.22948104e-01
  1.06096808e-02  9.29217637e-02 -1.54326798e-03  5.51935546e-02
 -1.46032963e-02  1.39598161e-01  6.76329434e-02  8.79597440e-02
  6.44806698e-02 -2.49486845e-02 -2.94299982e-02 -3.23729888e-02
 -8.96872138e-04  8.70530009e-02  5.13696671e-02 -4.10101749e-02
  2.54600625e-02 -2.18827669e-02  6.84458762e-02 -1.25381863e-02
 -8.88515338e-02 -4.35629161e-03 -1.05524203e-02  9.99108255e-02
  3.64132896e-02  6.10861219e-02  9.33663025e-02  8.21281150e-02
 -6.83320407e-03  8.29652548e-02  3.47842164e-02 -2.25816946e-02
 -3.76489386e-03  1.03985347e-01 -6.33176556e-03 -2.49775089e-02
  2.72258297e-02  1.23264775e-01 -1.80015042e-02 -5.21146581e-02
  3.16539444e-02  4.02869731e-02 -3.69208232e-02 -5.24370838e-03
  2.32771054e-01 -2.36314666e-02  1.45443216e-01 -1.58182234e-02
 -1.76648684e-02  5.26223294e-02  3.28306854e-02 -1.84879843e-02
 -1.23361768e-02  6.98599592e-02  1.20191224e-01  1.71039373e-01
  2.19123010e-02  1.28273845e-01  8.97470415e-02 -1.48198046e-02
  6.78316578e-02 -1.91329163e-04  3.52570526e-02 -1.17469989e-02
 -1.37994010e-02  9.31270346e-02 -3.89339365e-02 -7.07368180e-02
 -2.65688803e-02  7.70898676e-03 -1.31418910e-02 -3.08639160e-03
  7.79279321e-02  5.03095165e-02 -1.14717539e-02 -1.54555868e-02
  9.24288407e-02 -3.65218371e-02 -1.55583955e-02 -2.31990758e-02
 -4.06251922e-02  1.16589688e-01 -3.14795934e-02  2.15962470e-01
  4.60325517e-02  8.08771141e-03  1.26088215e-02 -3.45397135e-03
  6.12032115e-02  5.49410842e-02  3.14218551e-02  2.51398265e-01
 -1.64740365e-02  4.20506634e-02 -3.83411236e-02  1.47101298e-01
  7.72978514e-02  6.02147207e-02  6.28397167e-02  6.41486421e-02]

-> Layer: linear.0.weight | Shape: torch.Size([8, 128])
[[-0.189039   -0.02313336  0.05866053 ...  0.04805233  0.05444772
   0.00964106]
 [ 0.02808427 -0.04141401  0.192067   ... -0.02900523 -0.2080609
  -0.16835517]
 [ 0.11181227  0.0678554   0.0608786  ...  0.02235759 -0.11448687
   0.13569266]
 ...
 [-0.02466978 -0.00913951  0.04543739 ... -0.03056828  0.08442865
  -0.13319197]
 [-0.05699365 -0.1030418   0.05852835 ...  0.12048971 -0.19108145
   0.1931789 ]
 [ 0.1520646  -0.038899    0.14486083 ...  0.03318023  0.14445306
   0.24672806]]

-> Layer: linear.0.bias | Shape: torch.Size([8])
[ 0.463569    0.          0.11707227 -0.03852326  0.02936042  0.06803168
  0.07590482  0.00625531]

[Success] Full PPO model saved to: ppo_dmfb_model_10x10.zip
============================================================

